// Jest Snapshot v1, https://goo.gl/fbAQLP

exports[`sc setup works 1`] = `
.c0 {
  color: red;
}

<button
  className="c0"
/>
`;
